// Jest Snapshot v1, https://goo.gl/fbAQLP

exports[`renders table container and fetches data 1`] = `
<div>
  <div
    class="sc-beySPh jqVKZZ"
  >
    <h1>
      Investors List
    </h1>
  </div>
</div>
`;
