// Jest Snapshot v1, https://goo.gl/fbAQLP

exports[`ErrorPage should match snapshot 1`] = `
<div>
  <div
    id="error-page"
  >
    <h1>
      Oops!
    </h1>
    <p>
      Sorry, an unexpected error has occurred.
    </p>
    <p>
      <i>
        404
      </i>
    </p>
  </div>
</div>
`;
